

 ETABS Ultimate C 64-bit 22.7.0 Build 4095 (Analysis Build 9993/64)
 File: H:\082_083\ward1\drg\for analysis\koju.LOG




 B E G I N   A N A L Y S I S                                2026/05/28  01:59:49


 RUNNING ANALYSIS AS A SEPARATE PROCESS
 USING THE ADVANCED SOLVER (PROVIDES LIMITED INSTABILITY INFORMATION)

 NUMBER OF JOINTS                          =         554
    WITH RESTRAINTS                        =          20
    WITH MASS                              =          20
 NUMBER OF FRAME/TENDON ELEMENTS           =         355
 NUMBER OF SHELL ELEMENTS                  =         431
 NUMBER OF CONSTRAINTS/WELDS               =           5
 NUMBER OF LOAD PATTERNS                   =          27
 NUMBER OF ACCELERATION LOADS              =          12
 NUMBER OF LOAD CASES                      =          16
 NUMBER OF MASS SOURCES                    =           1

 UNITS (FORCE, LENGTH, TEMPERATURE, TIME)  = N, mm, °C, sec
 GRAVITATIONAL ACCELERATION                =    9806.650

 ADDRESSABLE PHYSICAL MEMORY (RAM)         =       3.899 GB

 PARALLELIZATION OF ANALYSIS OPERATIONS:
  (Env. variable SAPFIRE_NUM_THREADS not set)
 NUMBER OF THREADS: STATE (AUTOMATIC)      =           4
 NUMBER OF THREADS: STIFFNESS (AUTOMATIC)  =           4
 NUMBER OF THREADS: EVENT (AUTOMATIC)      =           4
 NUMBER OF THREADS: MOVE (AUTOMATIC)       =           4
 NUMBER OF THREADS: RESPONSE (AUTOMATIC)   =           4
 NUMBER OF THREADS: SOLVE (AUTOMATIC)      =           4
 NUMBER OF THREADS: FORM (AUTOMATIC)       =           4


 E L E M E N T   F O R M A T I O N                                      01:59:49


 NUMBER OF COUPLED CONSTRAINT EQUATIONS    =           0


 L I N E A R   E Q U A T I O N   S O L U T I O N                        01:59:49

 FORMING STIFFNESS AT ZERO (UNSTRESSED) INITIAL CONDITIONS

 TOTAL NUMBER OF EQUILIBRIUM EQUATIONS     =        1749
 NUMBER OF NON-ZERO STIFFNESS TERMS        =       27348

 ---------------------------------
 BASIC STABILITY CHECK FOR LINEAR LOAD CASES:
    NUMBER OF NEGATIVE STIFFNESS EIGENVALUES SHOULD BE ZERO FOR STABILITY.
    (NOTE: FURTHER CHECKS SHOULD BE CONSIDERED AS DEEMED NECESSARY,
     SUCH AS REVIEWING EIGEN MODES FOR MECHANISMS AND RIGID-BODY MOTION)

    NUMBER OF NEGATIVE EIGENVALUES         =           0,  OK.
 ---------------------------------


 L I N E A R   S T A T I C   C A S E S                                  01:59:49

 USING STIFFNESS AT ZERO (UNSTRESSED) INITIAL CONDITIONS

 TOTAL NUMBER OF CASES TO SOLVE            =          11
 NUMBER OF CASES TO SOLVE PER BLOCK        =          11

 LINEAR STATIC CASES TO BE SOLVED:

 CASE: DEAD
 CASE: LIVE
 CASE: FF
 CASE: 9" WALL
 CASE: PARTITION WALL
 CASE: STAIRCASE STEPS
 CASE: STAIR LIVE
 CASE: WATER TANK
 CASE: ~LLRF
 CASE: ~CHINESEX
 CASE: ~CHINESEY


 M U L T I - S T E P   L I N E A R   S T A T I C   A N A L Y S I S      01:59:49

 CASE: EQX ULS

 USING STIFFNESS AT ZERO (UNSTRESSED) INITIAL CONDITIONS

 NUMBER OF LOAD STEPS                      =           3


 Solving load steps:       1 to       3
 NUMBER OF OUTPUT STEPS SAVED              =           3


 M U L T I - S T E P   L I N E A R   S T A T I C   A N A L Y S I S      01:59:49

 CASE: EQX SLS

 USING STIFFNESS AT ZERO (UNSTRESSED) INITIAL CONDITIONS

 NUMBER OF LOAD STEPS                      =           3


 Solving load steps:       1 to       3
 NUMBER OF OUTPUT STEPS SAVED              =           3


 M U L T I - S T E P   L I N E A R   S T A T I C   A N A L Y S I S      01:59:49

 CASE: EQY ULS

 USING STIFFNESS AT ZERO (UNSTRESSED) INITIAL CONDITIONS

 NUMBER OF LOAD STEPS                      =           3


 Solving load steps:       1 to       3
 NUMBER OF OUTPUT STEPS SAVED              =           3


 M U L T I - S T E P   L I N E A R   S T A T I C   A N A L Y S I S      01:59:49

 CASE: EQY SLS

 USING STIFFNESS AT ZERO (UNSTRESSED) INITIAL CONDITIONS

 NUMBER OF LOAD STEPS                      =           3


 Solving load steps:       1 to       3
 NUMBER OF OUTPUT STEPS SAVED              =           3


 E I G E N   M O D A L   A N A L Y S I S                                01:59:49

 CASE: MODAL

 USING STIFFNESS AT ZERO (UNSTRESSED) INITIAL CONDITIONS

 NUMBER OF STIFFNESS DEGREES OF FREEDOM    =        1749
 NUMBER OF MASS DEGREES OF FREEDOM         =          15
 MAXIMUM NUMBER OF EIGEN MODES SOUGHT      =          12
 MINIMUM NUMBER OF EIGEN MODES SOUGHT      =           1
 NUMBER OF RESIDUAL-MASS MODES SOUGHT      =           0
 NUMBER OF SUBSPACE VECTORS USED           =          15
 RELATIVE CONVERGENCE TOLERANCE            =    1.00E-09

 FREQUENCY SHIFT  (CENTER) (CYC/TIME)      =     .000000
 FREQUENCY CUTOFF (RADIUS) (CYC/TIME)      =  -INFINITY-
 ALLOW AUTOMATIC FREQUENCY SHIFTING        =         YES


 Original stiffness at shift : EV= 0.0000000E+00, f=     .000000, T=  -INFINITY-
 Number of eigenvalues below shift =      0

 Found mode      1 of     12:  EV= 2.8563172E+01, f=    0.850596, T=    1.175646
 Found mode      2 of     12:  EV= 3.7925399E+01, f=    0.980133, T=    1.020269
 Found mode      3 of     12:  EV= 5.0767274E+01, f=    1.133997, T=    0.881836
 Found mode      4 of     12:  EV= 3.7510079E+02, f=    3.082436, T=    0.324419
 Found mode      5 of     12:  EV= 4.0910271E+02, f=    3.219114, T=    0.310645
 Found mode      6 of     12:  EV= 5.0191092E+02, f=    3.565607, T=    0.280457
 Found mode      7 of     12:  EV= 1.3264335E+03, f=    5.796460, T=    0.172519
 Found mode      8 of     12:  EV= 1.3300527E+03, f=    5.804363, T=    0.172284
 Found mode      9 of     12:  EV= 1.5977715E+03, f=    6.361763, T=    0.157189
 Found mode     10 of     12:  EV= 2.8392112E+03, f=    8.480452, T=    0.117918
 Found mode     11 of     12:  EV= 3.0355867E+03, f=    8.768826, T=    0.114040
 Found mode     12 of     12:  EV= 3.6469277E+03, f=    9.611335, T=    0.104044

 NUMBER OF EIGEN MODES FOUND               =          12
 NUMBER OF ITERATIONS PERFORMED            =           1
 NUMBER OF STIFFNESS SHIFTS                =           0


 A N A L Y S I S   C O M P L E T E                          2026/05/28  01:59:49


 ETABS Ultimate C 64-bit 22.7.0 Build 4095 (Analysis Build 9993/64)
 File: H:\082_083\ward1\drg\for analysis\koju.LOG




 B E G I N   A N A L Y S I S                                2026/05/28  01:59:52


 RUNNING ANALYSIS AS A SEPARATE PROCESS
 USING THE ADVANCED SOLVER (PROVIDES LIMITED INSTABILITY INFORMATION)

 NUMBER OF JOINTS                          =         554
    WITH RESTRAINTS                        =          20
    WITH MASS                              =          20
 NUMBER OF FRAME/TENDON ELEMENTS           =         355
 NUMBER OF SHELL ELEMENTS                  =         431
 NUMBER OF CONSTRAINTS/WELDS               =           5
 NUMBER OF LOAD PATTERNS                   =          27
 NUMBER OF ACCELERATION LOADS              =          12
 NUMBER OF LOAD CASES                      =          16
 NUMBER OF MASS SOURCES                    =           1

 UNITS (FORCE, LENGTH, TEMPERATURE, TIME)  = N, mm, °C, sec
 GRAVITATIONAL ACCELERATION                =    9806.650

 ADDRESSABLE PHYSICAL MEMORY (RAM)         =       3.899 GB

 PARALLELIZATION OF ANALYSIS OPERATIONS:
  (Env. variable SAPFIRE_NUM_THREADS not set)
 NUMBER OF THREADS: STATE (AUTOMATIC)      =           4
 NUMBER OF THREADS: STIFFNESS (AUTOMATIC)  =           4
 NUMBER OF THREADS: EVENT (AUTOMATIC)      =           4
 NUMBER OF THREADS: MOVE (AUTOMATIC)       =           4
 NUMBER OF THREADS: RESPONSE (AUTOMATIC)   =           4
 NUMBER OF THREADS: SOLVE (AUTOMATIC)      =           4
 NUMBER OF THREADS: FORM (AUTOMATIC)       =           4


 E L E M E N T   F O R M A T I O N                                      01:59:52


 NUMBER OF COUPLED CONSTRAINT EQUATIONS    =           0


 L I N E A R   E Q U A T I O N   S O L U T I O N                        01:59:52

 FORMING STIFFNESS AT ZERO (UNSTRESSED) INITIAL CONDITIONS

 TOTAL NUMBER OF EQUILIBRIUM EQUATIONS     =        1749
 NUMBER OF NON-ZERO STIFFNESS TERMS        =       27348

 ---------------------------------
 BASIC STABILITY CHECK FOR LINEAR LOAD CASES:
    NUMBER OF NEGATIVE STIFFNESS EIGENVALUES SHOULD BE ZERO FOR STABILITY.
    (NOTE: FURTHER CHECKS SHOULD BE CONSIDERED AS DEEMED NECESSARY,
     SUCH AS REVIEWING EIGEN MODES FOR MECHANISMS AND RIGID-BODY MOTION)

    NUMBER OF NEGATIVE EIGENVALUES         =           0,  OK.
 ---------------------------------


 M U L T I - S T E P   L I N E A R   S T A T I C   A N A L Y S I S      01:59:52

 CASE: EQX ULS

 USING STIFFNESS AT ZERO (UNSTRESSED) INITIAL CONDITIONS

 NUMBER OF LOAD STEPS                      =           3


 Solving load steps:       1 to       3
 NUMBER OF OUTPUT STEPS SAVED              =           3


 M U L T I - S T E P   L I N E A R   S T A T I C   A N A L Y S I S      01:59:53

 CASE: EQX SLS

 USING STIFFNESS AT ZERO (UNSTRESSED) INITIAL CONDITIONS

 NUMBER OF LOAD STEPS                      =           3


 Solving load steps:       1 to       3
 NUMBER OF OUTPUT STEPS SAVED              =           3


 M U L T I - S T E P   L I N E A R   S T A T I C   A N A L Y S I S      01:59:53

 CASE: EQY ULS

 USING STIFFNESS AT ZERO (UNSTRESSED) INITIAL CONDITIONS

 NUMBER OF LOAD STEPS                      =           3


 Solving load steps:       1 to       3
 NUMBER OF OUTPUT STEPS SAVED              =           3


 M U L T I - S T E P   L I N E A R   S T A T I C   A N A L Y S I S      01:59:53

 CASE: EQY SLS

 USING STIFFNESS AT ZERO (UNSTRESSED) INITIAL CONDITIONS

 NUMBER OF LOAD STEPS                      =           3


 Solving load steps:       1 to       3
 NUMBER OF OUTPUT STEPS SAVED              =           3


 A N A L Y S I S   C O M P L E T E                          2026/05/28  01:59:53
