

 ETABS Ultimate C 64-bit 22.7.0 Build 4095 (Analysis Build 9993/64)             
 File: H:\082_083\ward1\drg\krishna gosain bkt municipal\bishal run.OUT         
                                                                     
                                                                       

 5, CONSTR = RIGID, DOF = U1 U2 R3

                     LOCAL COORDINATE SYSTEM FOR CONSTRAINT MASTER
  GLOBAL          U1          U2          U3          R1          R2          R3
     X      1.000000     .000000     .000000    1.000000     .000000     .000000
     Y       .000000    1.000000     .000000     .000000    1.000000     .000000
     Z       .000000     .000000    1.000000     .000000     .000000    1.000000

                     TRANSLATIONAL MASS AND MASS MOMENTS OF INERTIA
                  U1          U2          U3          R1          R2          R3
           24.881306   24.881306     .000000     .000000     .000000  4.9126E+08

                     CENTER OF MASS
  GLOBAL          U1          U2          U3
     X      6864.006    6864.006    7323.151
     Y     22508.285   22508.285   22341.815
     Z     13716.000   13716.000   13716.000

 9, CONSTR = RIGID, DOF = U1 U2 R3

                     LOCAL COORDINATE SYSTEM FOR CONSTRAINT MASTER
  GLOBAL          U1          U2          U3          R1          R2          R3
     X      1.000000     .000000     .000000    1.000000     .000000     .000000
     Y       .000000    1.000000     .000000     .000000    1.000000     .000000
     Z       .000000     .000000    1.000000     .000000     .000000    1.000000

                     TRANSLATIONAL MASS AND MASS MOMENTS OF INERTIA
                  U1          U2          U3          R1          R2          R3
           67.619258   67.619258     .000000     .000000     .000000  1.7517E+09

                     CENTER OF MASS
  GLOBAL          U1          U2          U3
     X      6708.555    6708.555    6981.229
     Y     21236.733   21236.733   20633.513
     Z     10972.800   10972.800   10972.800

 13, CONSTR = RIGID, DOF = U1 U2 R3

                     LOCAL COORDINATE SYSTEM FOR CONSTRAINT MASTER
  GLOBAL          U1          U2          U3          R1          R2          R3
     X      1.000000     .000000     .000000    1.000000     .000000     .000000
     Y       .000000    1.000000     .000000     .000000    1.000000     .000000
     Z       .000000     .000000    1.000000     .000000     .000000    1.000000

                     TRANSLATIONAL MASS AND MASS MOMENTS OF INERTIA
                  U1          U2          U3          R1          R2          R3
           85.742286   85.742286     .000000     .000000     .000000  2.4801E+09

                     CENTER OF MASS
  GLOBAL          U1          U2          U3
     X      6793.043    6793.043    7249.779
     Y     20286.133   20286.133   20059.850
     Z      8229.600    8229.600    8229.600

 17, CONSTR = RIGID, DOF = U1 U2 R3

                     LOCAL COORDINATE SYSTEM FOR CONSTRAINT MASTER
  GLOBAL          U1          U2          U3          R1          R2          R3
     X      1.000000     .000000     .000000    1.000000     .000000     .000000
     Y       .000000    1.000000     .000000     .000000    1.000000     .000000
     Z       .000000     .000000    1.000000     .000000     .000000    1.000000

                     TRANSLATIONAL MASS AND MASS MOMENTS OF INERTIA
                  U1          U2          U3          R1          R2          R3
           84.602595   84.602595     .000000     .000000     .000000  2.4297E+09

                     CENTER OF MASS
  GLOBAL          U1          U2          U3
     X      6692.775    6692.775    6911.170
     Y     20360.091   20360.091   20578.145
     Z      5486.400    5486.400    5486.400

 21, CONSTR = RIGID, DOF = U1 U2 R3

                     LOCAL COORDINATE SYSTEM FOR CONSTRAINT MASTER
  GLOBAL          U1          U2          U3          R1          R2          R3
     X      1.000000     .000000     .000000    1.000000     .000000     .000000
     Y       .000000    1.000000     .000000     .000000    1.000000     .000000
     Z       .000000     .000000    1.000000     .000000     .000000    1.000000

                     TRANSLATIONAL MASS AND MASS MOMENTS OF INERTIA
                  U1          U2          U3          R1          R2          R3
           83.959759   83.959759     .000000     .000000     .000000  2.3946E+09

                     CENTER OF MASS
  GLOBAL          U1          U2          U3
     X      6691.145    6691.145    6911.109
     Y     20411.890   20411.890   20630.863
     Z      2743.200    2743.200    2743.200

 D I S P L A C E M E N T   D E G R E E S   O F   F R E E D O M

         (A) = Active DOF, equilibrium equation
         (-) = Restrained DOF, reaction computed
         (+) = Constrained DOF
         (>) = External substructure DOF
         ( ) = Null DOF

  JOINTS              UX  UY  UZ  RX  RY  RZ
       2 TO      23    +   +   A   A   A   +
      24 TO      27    +   +   +   +   +   +
      28 TO      65    +   +   A   A   A   +
      66 TO      72    -   -   -   -   -   -
      73 TO      77    +   +   A   A   A   +
      78 TO      82    -   -   -   -   -   -
      93 TO     121    +   +   A   A   A   +
      83 TO      84    -   -   -   -   -   -
      85 TO     113    A   A   A   A   A   A
     114 TO     124    +   +   A   A   A   +
     125 TO     147    A   A   A   A   A   A
     148 TO     151    +   +   A   A   A   +
     152 TO     159    A   A   A   A   A   A
     160 TO     162    +   +   A   A   A   +
     163 TO     170    A   A   A   A   A   A
     171 TO     194    +   +   A   A   A   +
       1 TO      42    +   +   -   -   -   +
    ~178 TO    ~208    A   A   A   A   A   A
    ~209 TO    ~210    +   +   +   +   +   +
    ~211 TO    ~283    A   A   A   A   A   A
    ~284               A   A   +   +   +   A
    ~285               +   +   +   +   +   +
    ~286               A   A   A   A   A   A
    ~287               +   +   +   +   +   +
    ~288 TO    ~410    A   A   A   A   A   A
    ~411               A   A   +   +   +   A
    ~412               +   +   +   +   +   +
    ~413               A   A   A   A   A   A
    ~414               +   +   +   +   +   +
    ~415 TO    ~539    A   A   A   A   A   A
    ~540               A   A   +   +   +   A
    ~541               +   +   +   +   +   +
    ~542               A   A   A   A   A   A
    ~543               +   +   +   +   +   +
    ~544 TO    ~663    A   A   A   A   A   A
    ~664               A   A   +   +   +   A
    ~665               +   +   +   +   +   +
    ~666               A   A   A   A   A   A
    ~667               +   +   +   +   +   +
    ~668 TO    ~757    A   A   A   A   A   A
    NULL                                    

  CONSTRAINTS         U1  U2  U3  R1  R2  R3
 5       TO 21         A   A               A
 ~LineCo                       A   A   A    
 ~LineCo               A   A   A   A   A   A
 ~LineCo                       A   A   A    
 ~LineCo               A   A   A   A   A   A
 ~LineCo                       A   A   A    
 ~LineCo               A   A   A   A   A   A
 ~LineCo                       A   A   A    
 ~LineCo               A   A   A   A   A   A
