

 ETABS Ultimate C 64-bit 22.7.0 Build 4095 (Analysis Build 9993/64)
 File: H:\082_083\ward1\gha\analysis\section.LOG




 B E G I N   A N A L Y S I S                                2026/03/28  18:11:24


 RUNNING ANALYSIS AS A SEPARATE PROCESS
 USING THE ADVANCED SOLVER (PROVIDES LIMITED INSTABILITY INFORMATION)

 NUMBER OF JOINTS                          =         638
    WITH RESTRAINTS                        =          13
    WITH MASS                              =         138
 NUMBER OF FRAME/TENDON ELEMENTS           =         330
 NUMBER OF SHELL ELEMENTS                  =         480
 NUMBER OF CONSTRAINTS/WELDS               =           4
 NUMBER OF LOAD PATTERNS                   =          25
 NUMBER OF ACCELERATION LOADS              =          12
 NUMBER OF LOAD CASES                      =          15
 NUMBER OF MASS SOURCES                    =           1

 UNITS (FORCE, LENGTH, TEMPERATURE, TIME)  = N, mm, °C, sec
 GRAVITATIONAL ACCELERATION                =    9806.650

 ADDRESSABLE PHYSICAL MEMORY (RAM)         =       3.899 GB

 PARALLELIZATION OF ANALYSIS OPERATIONS:
  (Env. variable SAPFIRE_NUM_THREADS not set)
 NUMBER OF THREADS: STATE (AUTOMATIC)      =           4
 NUMBER OF THREADS: STIFFNESS (AUTOMATIC)  =           4
 NUMBER OF THREADS: EVENT (AUTOMATIC)      =           4
 NUMBER OF THREADS: MOVE (AUTOMATIC)       =           4
 NUMBER OF THREADS: RESPONSE (AUTOMATIC)   =           4
 NUMBER OF THREADS: SOLVE (AUTOMATIC)      =           4
 NUMBER OF THREADS: FORM (AUTOMATIC)       =           4


 E L E M E N T   F O R M A T I O N                                      18:11:24


 NUMBER OF COUPLED CONSTRAINT EQUATIONS    =           0


 L I N E A R   E Q U A T I O N   S O L U T I O N                        18:11:25

 FORMING STIFFNESS AT ZERO (UNSTRESSED) INITIAL CONDITIONS

 TOTAL NUMBER OF EQUILIBRIUM EQUATIONS     =        2277
 NUMBER OF NON-ZERO STIFFNESS TERMS        =       40602

 * * * W A R N I N G * * *
 THE STRUCTURE IS UNSTABLE OR ILL-CONDITIONED !!
 CHECK THE STRUCTURE CAREFULLY FOR:
 - INADEQUATE SUPPORT CONDITIONS, OR
 - ONE OR MORE INTERNAL MECHANISMS, OR
 - ZERO OR NEGATIVE STIFFNESS PROPERTIES, OR
 - EXTREMELY LARGE STIFFNESS PROPERTIES, OR
 - BUCKLING DUE TO P-DELTA OR GEOMETRIC NONLINEARITY, OR
 - A FREQUENCY SHIFT (IF ANY) ONTO A NATURAL FREQUENCY

 TO OBTAIN FURTHER INFORMATION:
 - USE THE STANDARD SOLVER, OR
 - RUN AN EIGEN ANALYSIS USING AUTO FREQUENCY SHIFTING (WITH
   ADDITIONAL MASS IF NEEDED) AND INVESTIGATE THE MODE SHAPES


 ---------------------------------
 BASIC STABILITY CHECK FOR LINEAR LOAD CASES:
    NUMBER OF NEGATIVE STIFFNESS EIGENVALUES SHOULD BE ZERO FOR STABILITY.
    (NOTE: FURTHER CHECKS SHOULD BE CONSIDERED AS DEEMED NECESSARY,
     SUCH AS REVIEWING EIGEN MODES FOR MECHANISMS AND RIGID-BODY MOTION)

    NUMBER OF NEGATIVE EIGENVALUES         =           0,  OK.
 ---------------------------------


 L I N E A R   S T A T I C   C A S E S                                  18:11:25

 USING STIFFNESS AT ZERO (UNSTRESSED) INITIAL CONDITIONS

 TOTAL NUMBER OF CASES TO SOLVE            =           9
 NUMBER OF CASES TO SOLVE PER BLOCK        =           9

 LINEAR STATIC CASES TO BE SOLVED:

 CASE: DEAD
 CASE: LIVE
 CASE: MAIN WALL
 CASE: PARTITION WALL
 CASE: FLOOR FINISH
 CASE: WATER TANK
 CASE: ~LLRF
 CASE: ~CHINESEX
 CASE: ~CHINESEY


 C E N T E R   O F   R I G I D I T Y  A N A L Y S I S                   18:11:25

 CASE: ~CENTER OF RIGIDITY

 USING STIFFNESS AT ZERO (UNSTRESSED) INITIAL CONDITIONS

 NUMBER OF LOADS                           =          12


 Solving loads:       1 to      12
 NUMBER OF LOADS SAVED                     =          12


 M U L T I - S T E P   L I N E A R   S T A T I C   A N A L Y S I S      18:11:25

 CASE: EQX ULS

 USING STIFFNESS AT ZERO (UNSTRESSED) INITIAL CONDITIONS

 NUMBER OF LOAD STEPS                      =           3


 Solving load steps:       1 to       3
 NUMBER OF OUTPUT STEPS SAVED              =           3


 M U L T I - S T E P   L I N E A R   S T A T I C   A N A L Y S I S      18:11:25

 CASE: EQX SLS

 USING STIFFNESS AT ZERO (UNSTRESSED) INITIAL CONDITIONS

 NUMBER OF LOAD STEPS                      =           3


 Solving load steps:       1 to       3
 NUMBER OF OUTPUT STEPS SAVED              =           3


 M U L T I - S T E P   L I N E A R   S T A T I C   A N A L Y S I S      18:11:25

 CASE: EQY ULS

 USING STIFFNESS AT ZERO (UNSTRESSED) INITIAL CONDITIONS

 NUMBER OF LOAD STEPS                      =           3


 Solving load steps:       1 to       3
 NUMBER OF OUTPUT STEPS SAVED              =           3


 M U L T I - S T E P   L I N E A R   S T A T I C   A N A L Y S I S      18:11:25

 CASE: EQY SLS

 USING STIFFNESS AT ZERO (UNSTRESSED) INITIAL CONDITIONS

 NUMBER OF LOAD STEPS                      =           3


 Solving load steps:       1 to       3
 NUMBER OF OUTPUT STEPS SAVED              =           3


 E I G E N   M O D A L   A N A L Y S I S                                18:11:25

 CASE: MODAL

 USING STIFFNESS AT ZERO (UNSTRESSED) INITIAL CONDITIONS

 NUMBER OF STIFFNESS DEGREES OF FREEDOM    =        2277
 NUMBER OF MASS DEGREES OF FREEDOM         =         262
 MAXIMUM NUMBER OF EIGEN MODES SOUGHT      =          12
 MINIMUM NUMBER OF EIGEN MODES SOUGHT      =           1
 NUMBER OF RESIDUAL-MASS MODES SOUGHT      =           0
 NUMBER OF SUBSPACE VECTORS USED           =          24
 RELATIVE CONVERGENCE TOLERANCE            =    1.00E-09

 FREQUENCY SHIFT  (CENTER) (CYC/TIME)      =     .000000
 FREQUENCY CUTOFF (RADIUS) (CYC/TIME)      =  -INFINITY-
 ALLOW AUTOMATIC FREQUENCY SHIFTING        =         YES


 Original stiffness at shift : EV= 0.0000000E+00, f=     .000000, T=  -INFINITY-
 Number of eigenvalues below shift =      0
 Found mode      1 of     12:  EV= 2.7977434E-12, f=    2.66E-07, T=  3.7564E+06
 Found mode      2 of     12:  EV= 2.7977434E-12, f=    2.66E-07, T=  3.7564E+06
 Found mode      3 of     12:  EV= 2.1738360E+01, f=    0.742051, T=    1.347617
 Found mode      4 of     12:  EV= 2.4436352E+01, f=    0.786753, T=    1.271047
 Found mode      5 of     12:  EV= 2.9387653E+01, f=    0.862785, T=    1.159037
 Found mode      6 of     12:  EV= 2.8866940E+02, f=    2.704086, T=    0.369811
 Found mode      7 of     12:  EV= 3.2607683E+02, f=    2.873956, T=    0.347952
 Found mode      8 of     12:  EV= 4.0270727E+02, f=    3.193853, T=    0.313101
 Found mode      9 of     12:  EV= 1.1892208E+03, f=    5.488471, T=    0.182200
 Found mode     10 of     12:  EV= 1.2900659E+03, f=    5.716446, T=    0.174934
 Found mode     11 of     12:  EV= 2.7977434E-12, f=    2.66E-07, T=  3.7564E+06

 * * * W A R N I N G * * *
 EIGENVALUE          11 WAS FOUND OUT OF SEQUENCE

 Found mode     12 of     12:  EV= 2.7977434E-12, f=    2.66E-07, T=  3.7564E+06

 * * * W A R N I N G * * *
 ZERO OR NEGATIVE MODAL-MASS VALUES WERE DETECTED DURING ITERATION,
 THE RESULTING EIGEN-MODES MAY NOT BE VALID - CHECK THEM CAREFULLY !!

 THE STRUCTURE IS UNSTABLE OR ILL-CONDITIONED !!
 CHECK THE STRUCTURE CAREFULLY FOR:
 - INADEQUATE SUPPORT CONDITIONS, OR
 - ONE OR MORE INTERNAL MECHANISMS, OR
 - ZERO OR NEGATIVE STIFFNESS PROPERTIES, OR
 - EXTREMELY LARGE STIFFNESS PROPERTIES, OR
 - BUCKLING DUE TO P-DELTA OR GEOMETRIC NONLINEARITY, OR
 - A FREQUENCY SHIFT (IF ANY) ONTO A NATURAL FREQUENCY


 NUMBER OF EIGEN MODES FOUND               =          12
 NUMBER OF ITERATIONS PERFORMED            =          13
 NUMBER OF STIFFNESS SHIFTS                =           0


 A N A L Y S I S   C O M P L E T E                          2026/03/28  18:11:25


 ETABS Ultimate C 64-bit 22.7.0 Build 4095 (Analysis Build 9993/64)
 File: H:\082_083\ward1\gha\analysis\section.LOG




 B E G I N   A N A L Y S I S                                2026/03/28  18:11:29


 RUNNING ANALYSIS AS A SEPARATE PROCESS
 USING THE ADVANCED SOLVER (PROVIDES LIMITED INSTABILITY INFORMATION)

 NUMBER OF JOINTS                          =         638
    WITH RESTRAINTS                        =          13
    WITH MASS                              =         138
 NUMBER OF FRAME/TENDON ELEMENTS           =         330
 NUMBER OF SHELL ELEMENTS                  =         480
 NUMBER OF CONSTRAINTS/WELDS               =           4
 NUMBER OF LOAD PATTERNS                   =          25
 NUMBER OF ACCELERATION LOADS              =          12
 NUMBER OF LOAD CASES                      =          15
 NUMBER OF MASS SOURCES                    =           1

 UNITS (FORCE, LENGTH, TEMPERATURE, TIME)  = N, mm, °C, sec
 GRAVITATIONAL ACCELERATION                =    9806.650

 ADDRESSABLE PHYSICAL MEMORY (RAM)         =       3.899 GB

 PARALLELIZATION OF ANALYSIS OPERATIONS:
  (Env. variable SAPFIRE_NUM_THREADS not set)
 NUMBER OF THREADS: STATE (AUTOMATIC)      =           4
 NUMBER OF THREADS: STIFFNESS (AUTOMATIC)  =           4
 NUMBER OF THREADS: EVENT (AUTOMATIC)      =           4
 NUMBER OF THREADS: MOVE (AUTOMATIC)       =           4
 NUMBER OF THREADS: RESPONSE (AUTOMATIC)   =           4
 NUMBER OF THREADS: SOLVE (AUTOMATIC)      =           4
 NUMBER OF THREADS: FORM (AUTOMATIC)       =           4


 E L E M E N T   F O R M A T I O N                                      18:11:29


 NUMBER OF COUPLED CONSTRAINT EQUATIONS    =           0


 L I N E A R   E Q U A T I O N   S O L U T I O N                        18:11:29

 FORMING STIFFNESS AT ZERO (UNSTRESSED) INITIAL CONDITIONS

 TOTAL NUMBER OF EQUILIBRIUM EQUATIONS     =        2277
 NUMBER OF NON-ZERO STIFFNESS TERMS        =       40602

 * * * W A R N I N G * * *
 THE STRUCTURE IS UNSTABLE OR ILL-CONDITIONED !!
 CHECK THE STRUCTURE CAREFULLY FOR:
 - INADEQUATE SUPPORT CONDITIONS, OR
 - ONE OR MORE INTERNAL MECHANISMS, OR
 - ZERO OR NEGATIVE STIFFNESS PROPERTIES, OR
 - EXTREMELY LARGE STIFFNESS PROPERTIES, OR
 - BUCKLING DUE TO P-DELTA OR GEOMETRIC NONLINEARITY, OR
 - A FREQUENCY SHIFT (IF ANY) ONTO A NATURAL FREQUENCY

 TO OBTAIN FURTHER INFORMATION:
 - USE THE STANDARD SOLVER, OR
 - RUN AN EIGEN ANALYSIS USING AUTO FREQUENCY SHIFTING (WITH
   ADDITIONAL MASS IF NEEDED) AND INVESTIGATE THE MODE SHAPES


 ---------------------------------
 BASIC STABILITY CHECK FOR LINEAR LOAD CASES:
    NUMBER OF NEGATIVE STIFFNESS EIGENVALUES SHOULD BE ZERO FOR STABILITY.
    (NOTE: FURTHER CHECKS SHOULD BE CONSIDERED AS DEEMED NECESSARY,
     SUCH AS REVIEWING EIGEN MODES FOR MECHANISMS AND RIGID-BODY MOTION)

    NUMBER OF NEGATIVE EIGENVALUES         =           0,  OK.
 ---------------------------------


 M U L T I - S T E P   L I N E A R   S T A T I C   A N A L Y S I S      18:11:30

 CASE: EQX ULS

 USING STIFFNESS AT ZERO (UNSTRESSED) INITIAL CONDITIONS

 NUMBER OF LOAD STEPS                      =           3


 Solving load steps:       1 to       3
 NUMBER OF OUTPUT STEPS SAVED              =           3


 M U L T I - S T E P   L I N E A R   S T A T I C   A N A L Y S I S      18:11:30

 CASE: EQX SLS

 USING STIFFNESS AT ZERO (UNSTRESSED) INITIAL CONDITIONS

 NUMBER OF LOAD STEPS                      =           3


 Solving load steps:       1 to       3
 NUMBER OF OUTPUT STEPS SAVED              =           3


 M U L T I - S T E P   L I N E A R   S T A T I C   A N A L Y S I S      18:11:30

 CASE: EQY ULS

 USING STIFFNESS AT ZERO (UNSTRESSED) INITIAL CONDITIONS

 NUMBER OF LOAD STEPS                      =           3


 Solving load steps:       1 to       3
 NUMBER OF OUTPUT STEPS SAVED              =           3


 M U L T I - S T E P   L I N E A R   S T A T I C   A N A L Y S I S      18:11:30

 CASE: EQY SLS

 USING STIFFNESS AT ZERO (UNSTRESSED) INITIAL CONDITIONS

 NUMBER OF LOAD STEPS                      =           3


 Solving load steps:       1 to       3
 NUMBER OF OUTPUT STEPS SAVED              =           3


 A N A L Y S I S   C O M P L E T E                          2026/03/28  18:11:30
