

 ETABS Ultimate C 64-bit 22.7.0 Build 4095 (Analysis Build 9993/64)             
 File: H:\082_083\ward1\gha\analysis\section.OUT                                
                                                                     
                                                                       

 1, CONSTR = RIGID, DOF = U1 U2 R3

                     LOCAL COORDINATE SYSTEM FOR CONSTRAINT MASTER
  GLOBAL          U1          U2          U3          R1          R2          R3
     X      1.000000     .000000     .000000    1.000000     .000000     .000000
     Y       .000000    1.000000     .000000     .000000    1.000000     .000000
     Z       .000000     .000000    1.000000     .000000     .000000    1.000000

                     TRANSLATIONAL MASS AND MASS MOMENTS OF INERTIA
                  U1          U2          U3          R1          R2          R3
           37.867236   37.867236     .000000     .000000     .000000  4.6812E+08

                     CENTER OF MASS
  GLOBAL          U1          U2          U3
     X      4105.179    4105.179    4902.829
     Y      1545.948    1545.948  686.730141
     Z     14224.000   14224.000   14224.000

 2, CONSTR = RIGID, DOF = U1 U2 R3

                     LOCAL COORDINATE SYSTEM FOR CONSTRAINT MASTER
  GLOBAL          U1          U2          U3          R1          R2          R3
     X      1.000000     .000000     .000000    1.000000     .000000     .000000
     Y       .000000    1.000000     .000000     .000000    1.000000     .000000
     Z       .000000     .000000    1.000000     .000000     .000000    1.000000

                     TRANSLATIONAL MASS AND MASS MOMENTS OF INERTIA
                  U1          U2          U3          R1          R2          R3
           65.773476   65.773476     .000000     .000000     .000000  8.6757E+08

                     CENTER OF MASS
  GLOBAL          U1          U2          U3
     X      4506.545    4506.545    4906.015
     Y      1708.428    1708.428  688.019666
     Z     11379.200   11379.200   11379.200

 3, CONSTR = RIGID, DOF = U1 U2 R3

                     LOCAL COORDINATE SYSTEM FOR CONSTRAINT MASTER
  GLOBAL          U1          U2          U3          R1          R2          R3
     X      1.000000     .000000     .000000    1.000000     .000000     .000000
     Y       .000000    1.000000     .000000     .000000    1.000000     .000000
     Z       .000000     .000000    1.000000     .000000     .000000    1.000000

                     TRANSLATIONAL MASS AND MASS MOMENTS OF INERTIA
                  U1          U2          U3          R1          R2          R3
           65.773476   65.773476     .000000     .000000     .000000  8.6757E+08

                     CENTER OF MASS
  GLOBAL          U1          U2          U3
     X      4506.545    4506.545    4906.015
     Y      1708.428    1708.428  688.019666
     Z      8534.400    8534.400    8534.400

 5, CONSTR = RIGID, DOF = U1 U2 R3

                     LOCAL COORDINATE SYSTEM FOR CONSTRAINT MASTER
  GLOBAL          U1          U2          U3          R1          R2          R3
     X      1.000000     .000000     .000000    1.000000     .000000     .000000
     Y       .000000    1.000000     .000000     .000000    1.000000     .000000
     Z       .000000     .000000    1.000000     .000000     .000000    1.000000

                     TRANSLATIONAL MASS AND MASS MOMENTS OF INERTIA
                  U1          U2          U3          R1          R2          R3
           58.638829   58.638829     .000000     .000000     .000000  7.2633E+08

                     CENTER OF MASS
  GLOBAL          U1          U2          U3
     X      4608.418    4608.418    4929.149
     Y      1875.303    1875.303  816.041692
     Z      2844.800    2844.800    2844.800

 D I S P L A C E M E N T   D E G R E E S   O F   F R E E D O M

         (A) = Active DOF, equilibrium equation
         (-) = Restrained DOF, reaction computed
         (+) = Constrained DOF
         (>) = External substructure DOF
         ( ) = Null DOF

  JOINTS              UX  UY  UZ  RX  RY  RZ
       5 TO      63    +   +   A   A   A   +
      68 TO      76    A   A   A   A   A   A
      85               +   +               +
      86               +   +   A   A   A   +
      87               A   A   A   A   A   A
      89 TO      91    +   +   A   A   A   +
      92 TO     103    A   A   A   A   A   A
     104 TO     109    +   +   A   A   A   +
     110               +   +               +
     111 TO     116    +   +   A   A   A   +
     117               +   +               +
     118 TO     123    +   +   A   A   A   +
     124               +   +               +
       6 TO      23    -   -   -   A   A   A
      31 TO      34    +   +   -   -   -   +
     ~99 TO    ~422    +   +   A   A   A   +
    ~423 TO    ~530    A   A   A   A   A   A
    ~531 TO    ~638    +   +   A   A   A   +
    NULL                                    

  CONSTRAINTS         U1  U2  U3  R1  R2  R3
 1       TO 5          A   A               A
