

 ETABS Ultimate C 64-bit 22.7.0 Build 4095 (Analysis Build 9993/64)             
 File: G:\2082_2083\drg\menaka dd\archi\analysis\gora error occurred.OUT        
                                                                     
                                                                       

 10, CONSTR = RIGID, DOF = U1 U2 R3

                     LOCAL COORDINATE SYSTEM FOR CONSTRAINT MASTER
  GLOBAL          U1          U2          U3          R1          R2          R3
     X      1.000000     .000000     .000000    1.000000     .000000     .000000
     Y       .000000    1.000000     .000000     .000000    1.000000     .000000
     Z       .000000     .000000    1.000000     .000000     .000000    1.000000

                     TRANSLATIONAL MASS AND MASS MOMENTS OF INERTIA
                  U1          U2          U3          R1          R2          R3
           31.004673   31.004673     .000000     .000000     .000000  3.6359E+08

                     CENTER OF MASS
  GLOBAL          U1          U2          U3
     X      3457.775    3457.775    4332.338
     Y      4785.923    4785.923    4906.454
     Z     13716.000   13716.000   13716.000

 14, CONSTR = RIGID, DOF = U1 U2 R3

                     LOCAL COORDINATE SYSTEM FOR CONSTRAINT MASTER
  GLOBAL          U1          U2          U3          R1          R2          R3
     X      1.000000     .000000     .000000    1.000000     .000000     .000000
     Y       .000000    1.000000     .000000     .000000    1.000000     .000000
     Z       .000000     .000000    1.000000     .000000     .000000    1.000000

                     TRANSLATIONAL MASS AND MASS MOMENTS OF INERTIA
                  U1          U2          U3          R1          R2          R3
           68.861243   68.861243     .000000     .000000     .000000  1.1722E+09

                     CENTER OF MASS
  GLOBAL          U1          U2          U3
     X      4389.233    4389.233    5015.014
     Y      3984.971    3984.971    4211.640
     Z     10972.800   10972.800   10972.800

 18, CONSTR = RIGID, DOF = U1 U2 R3

                     LOCAL COORDINATE SYSTEM FOR CONSTRAINT MASTER
  GLOBAL          U1          U2          U3          R1          R2          R3
     X      1.000000     .000000     .000000    1.000000     .000000     .000000
     Y       .000000    1.000000     .000000     .000000    1.000000     .000000
     Z       .000000     .000000    1.000000     .000000     .000000    1.000000

                     TRANSLATIONAL MASS AND MASS MOMENTS OF INERTIA
                  U1          U2          U3          R1          R2          R3
           90.962285   90.962285     .000000     .000000     .000000  1.5953E+09

                     CENTER OF MASS
  GLOBAL          U1          U2          U3
     X      5198.234    5198.234    5126.158
     Y      3598.991    3598.991    3914.549
     Z      8229.600    8229.600    8229.600

 22, CONSTR = RIGID, DOF = U1 U2 R3

                     LOCAL COORDINATE SYSTEM FOR CONSTRAINT MASTER
  GLOBAL          U1          U2          U3          R1          R2          R3
     X      1.000000     .000000     .000000    1.000000     .000000     .000000
     Y       .000000    1.000000     .000000     .000000    1.000000     .000000
     Z       .000000     .000000    1.000000     .000000     .000000    1.000000

                     TRANSLATIONAL MASS AND MASS MOMENTS OF INERTIA
                  U1          U2          U3          R1          R2          R3
           94.031518   94.031518     .000000     .000000     .000000  1.6707E+09

                     CENTER OF MASS
  GLOBAL          U1          U2          U3
     X      5207.608    5207.608    5115.804
     Y      3616.192    3616.192    3919.547
     Z      5486.400    5486.400    5486.400

 26, CONSTR = RIGID, DOF = U1 U2 R3

                     LOCAL COORDINATE SYSTEM FOR CONSTRAINT MASTER
  GLOBAL          U1          U2          U3          R1          R2          R3
     X      1.000000     .000000     .000000    1.000000     .000000     .000000
     Y       .000000    1.000000     .000000     .000000    1.000000     .000000
     Z       .000000     .000000    1.000000     .000000     .000000    1.000000

                     TRANSLATIONAL MASS AND MASS MOMENTS OF INERTIA
                  U1          U2          U3          R1          R2          R3
           90.745094   90.745094     .000000     .000000     .000000  1.5233E+09

                     CENTER OF MASS
  GLOBAL          U1          U2          U3
     X      5141.996    5141.996    4743.154
     Y      3576.006    3576.006    3417.018
     Z      2743.200    2743.200    2743.200

 D I S P L A C E M E N T   D E G R E E S   O F   F R E E D O M

         (A) = Active DOF, equilibrium equation
         (-) = Restrained DOF, reaction computed
         (+) = Constrained DOF
         (>) = External substructure DOF
         ( ) = Null DOF

  JOINTS              UX  UY  UZ  RX  RY  RZ
     259 TO     248                         
     247 TO     242    A   A   A   A   A   A
    ~339 TO    ~268    +   +   A   A   A   +
   ~1027 TO    ~980    A   A   A   A   A   A
    ~348 TO    ~265    +   +   A   A   A   +
    ~264               A   A   A   A   A   A
     193               +   +   -   -   -   +
     225 TO     141    +   +   A   A   A   +
      54                                    
      53               +   +               +
      52               +   +   A   A   A   +
      51               +   +               +
      50 TO      48    +   +   A   A   A   +
      47                                    
      46 TO       3    +   +   A   A   A   +
       2 TO    ~983    A   A   A   A   A   A
    ~495 TO    ~349    +   +   A   A   A   +
     194               +   +   -   -   -   +
     234 TO      75    +   +   A   A   A   +
      74                                    
      73 TO      66    +   +   A   A   A   +
      65               A   A   A   A   A   A
      64 TO      56    +   +   A   A   A   +
      55               A   A   A   A   A   A
    ~489 TO    ~350    +   +   A   A   A   +
    ~453 TO    ~423    A   A   A   A   A   A
    ~656 TO    ~497    +   +   A   A   A   +
   ~1021 TO    ~991    A   A   A   A   A   A
    ~660 TO    ~496    +   +   A   A   A   +
    ~260 TO    ~259    A   A   A   A   A   A
     230               +   +   -   -   -   +
     213 TO      96    +   +   A   A   A   +
      95                                    
      94 TO      87    +   +   A   A   A   +
      86               A   A   A   A   A   A
      85 TO      77    +   +   A   A   A   +
      76 TO   ~1001    A   A   A   A   A   A
    ~825 TO    ~661    +   +   A   A   A   +
    ~263 TO    ~261    A   A   A   A   A   A
     235               +   +   -   -   -   +
     224 TO     117    +   +   A   A   A   +
     116                                    
     115 TO     108    +   +   A   A   A   +
     107               A   A   A   A   A   A
     106 TO      98    +   +   A   A   A   +
      97               A   A   A   A   A   A
    ~819 TO    ~662    +   +   A   A   A   +
    ~804 TO    ~970    A   A   A   A   A   A
    ~969 TO    ~826    +   +   A   A   A   +
    ~258               A   A   A   A   A   A
     236               +   +   -   -   -   +
     228 TO      31    +   +   A   A   A   +
      30               A   A   A   A   A   A
      23 TO       8    +   +   A   A   A   +
       6               A   A   A   A   A   A
    ~963 TO    ~827    +   +   A   A   A   +
    ~927 TO      44    A   A   A   A   A   A
      33 TO      26    -   -   -   A   A   A
      21 TO       5    -   -   -   -   -   -
    NULL                                    

  CONSTRAINTS         U1  U2  U3  R1  R2  R3
 10      TO 26         A   A               A
