

 ETABS Ultimate C 64-bit 22.7.0 Build 4095 (Analysis Build 9993/64)             
 File: H:\082_083\ward1\gha\sanamm1.OUT                                         
                                                                     
                                                                       

 1, CONSTR = RIGID, DOF = U1 U2 R3

                     LOCAL COORDINATE SYSTEM FOR CONSTRAINT MASTER
  GLOBAL          U1          U2          U3          R1          R2          R3
     X      1.000000     .000000     .000000    1.000000     .000000     .000000
     Y       .000000    1.000000     .000000     .000000    1.000000     .000000
     Z       .000000     .000000    1.000000     .000000     .000000    1.000000

                     TRANSLATIONAL MASS AND MASS MOMENTS OF INERTIA
                  U1          U2          U3          R1          R2          R3
           37.867236   37.867236     .000000     .000000     .000000  4.6812E+08

                     CENTER OF MASS
  GLOBAL          U1          U2          U3
     X      4105.179    4105.179    4902.829
     Y      1545.948    1545.948  686.730141
     Z     14630.400   14630.400   14630.400

 2, CONSTR = RIGID, DOF = U1 U2 R3

                     LOCAL COORDINATE SYSTEM FOR CONSTRAINT MASTER
  GLOBAL          U1          U2          U3          R1          R2          R3
     X      1.000000     .000000     .000000    1.000000     .000000     .000000
     Y       .000000    1.000000     .000000     .000000    1.000000     .000000
     Z       .000000     .000000    1.000000     .000000     .000000    1.000000

                     TRANSLATIONAL MASS AND MASS MOMENTS OF INERTIA
                  U1          U2          U3          R1          R2          R3
           65.773477   65.773477     .000000     .000000     .000000  8.6757E+08

                     CENTER OF MASS
  GLOBAL          U1          U2          U3
     X      4506.545    4506.545    4906.015
     Y      1708.428    1708.428  688.019666
     Z     11785.600   11785.600   11785.600

 3, CONSTR = RIGID, DOF = U1 U2 R3

                     LOCAL COORDINATE SYSTEM FOR CONSTRAINT MASTER
  GLOBAL          U1          U2          U3          R1          R2          R3
     X      1.000000     .000000     .000000    1.000000     .000000     .000000
     Y       .000000    1.000000     .000000     .000000    1.000000     .000000
     Z       .000000     .000000    1.000000     .000000     .000000    1.000000

                     TRANSLATIONAL MASS AND MASS MOMENTS OF INERTIA
                  U1          U2          U3          R1          R2          R3
           65.773477   65.773477     .000000     .000000     .000000  8.6757E+08

                     CENTER OF MASS
  GLOBAL          U1          U2          U3
     X      4506.545    4506.545    4906.015
     Y      1708.428    1708.428  688.019666
     Z      8940.800    8940.800    8940.800

 4, CONSTR = RIGID, DOF = U1 U2 R3

                     LOCAL COORDINATE SYSTEM FOR CONSTRAINT MASTER
  GLOBAL          U1          U2          U3          R1          R2          R3
     X      1.000000     .000000     .000000    1.000000     .000000     .000000
     Y       .000000    1.000000     .000000     .000000    1.000000     .000000
     Z       .000000     .000000    1.000000     .000000     .000000    1.000000

                     TRANSLATIONAL MASS AND MASS MOMENTS OF INERTIA
                  U1          U2          U3          R1          R2          R3
           65.773477   65.773477     .000000     .000000     .000000  8.6757E+08

                     CENTER OF MASS
  GLOBAL          U1          U2          U3
     X      4506.545    4506.545    4906.015
     Y      1708.428    1708.428  688.019666
     Z      6096.000    6096.000    6096.000

 5, CONSTR = RIGID, DOF = U1 U2 R3

                     LOCAL COORDINATE SYSTEM FOR CONSTRAINT MASTER
  GLOBAL          U1          U2          U3          R1          R2          R3
     X      1.000000     .000000     .000000    1.000000     .000000     .000000
     Y       .000000    1.000000     .000000     .000000    1.000000     .000000
     Z       .000000     .000000    1.000000     .000000     .000000    1.000000

                     TRANSLATIONAL MASS AND MASS MOMENTS OF INERTIA
                  U1          U2          U3          R1          R2          R3
           59.228189   59.228189     .000000     .000000     .000000  7.3518E+08

                     CENTER OF MASS
  GLOBAL          U1          U2          U3
     X      4607.915    4607.915    4929.145
     Y      1876.104    1876.104  816.048049
     Z      3251.200    3251.200    3251.200

 D I S P L A C E M E N T   D E G R E E S   O F   F R E E D O M

         (A) = Active DOF, equilibrium equation
         (-) = Restrained DOF, reaction computed
         (+) = Constrained DOF
         (>) = External substructure DOF
         ( ) = Null DOF

  JOINTS              UX  UY  UZ  RX  RY  RZ
       1 TO      36    +   +   A   A   A   +
      37 TO      45    -   -   -   -   -   -
      46 TO      84    +   +   A   A   A   +
      85 TO      88    +   +               +
      89 TO      93    +   +   A   A   A   +
      94               +   +               +
      95 TO      99    +   +   -   -   -   +
    ~100 TO    ~639    +   +   A   A   A   +
    NULL                                    

  CONSTRAINTS         U1  U2  U3  R1  R2  R3
 1       TO 5          A   A               A
